node:events:486
      throw er; // Unhandled 'error' event
      ^

Error: listen EADDRINUSE: address already in use 0.0.0.0:5001
    at Server.setupListenHandle [as _listen2] (node:net:1940:16)
    at listenInCluster (node:net:1997:12)
    at node:net:2206:7
    at process.processTicksAndRejections (node:internal/process/task_queues:90:21)
Emitted 'error' event on Server instance at:
    at emitErrorNT (node:net:1976:8)
    at process.processTicksAndRejections (node:internal/process/task_queues:90:21) {
  code: 'EADDRINUSE',
  errno: -4091,
  syscall: 'listen',
  address: '0.0.0.0',
  port: 5001
}

Node.js v24.11.0
Server listening on http://0.0.0.0:5002
Server listening on http://0.0.0.0:5001
Server listening on http://0.0.0.0:5001
2026-01-27T22:09:13.496Z, Hello Unauthorized. How can I assist you?, en_US-hfc_female-medium.onnx

spawning piper: piper.exe --model models\en_US-hfc_female-medium.onnx --output_file 9j9k1z6knxhmkx5fbiw.wav
2026-01-27T22:09:15.473Z, Oh! And it looks like you're all caught up on tasks!, en_US-hfc_female-medium.onnx

spawning piper: piper.exe --model models\en_US-hfc_female-medium.onnx --output_file 4ebiifh501smkx5fd1t.wav
Server listening on http://0.0.0.0:5001
Server listening on http://0.0.0.0:5001
2026-01-27T22:20:00.975Z, Hello Unauthorized. How can I assist you?, en_US-hfc_female-medium.onnx

spawning piper: piper.exe --model models\en_US-hfc_female-medium.onnx --output_file yfxqh2ga4jlmkx5t74f.wav
TypeError: req.query.text.trim is not a function
    at C:\Users\troyk\OneDrive\Desktop\ALICE\Amica\piper\server.js:170:50
    at Layer.handle [as handle_request] (C:\Users\troyk\OneDrive\Desktop\ALICE\Amica\piper\node_modules\express\lib\router\layer.js:95:5)
    at next (C:\Users\troyk\OneDrive\Desktop\ALICE\Amica\piper\node_modules\express\lib\router\route.js:149:13)
    at Route.dispatch (C:\Users\troyk\OneDrive\Desktop\ALICE\Amica\piper\node_modules\express\lib\router\route.js:119:3)
    at Layer.handle [as handle_request] (C:\Users\troyk\OneDrive\Desktop\ALICE\Amica\piper\node_modules\express\lib\router\layer.js:95:5)
    at C:\Users\troyk\OneDrive\Desktop\ALICE\Amica\piper\node_modules\express\lib\router\index.js:284:15
    at router.process_params (C:\Users\troyk\OneDrive\Desktop\ALICE\Amica\piper\node_modules\express\lib\router\index.js:346:12)
    at next (C:\Users\troyk\OneDrive\Desktop\ALICE\Amica\piper\node_modules\express\lib\router\index.js:280:10)
    at jsonParser (C:\Users\troyk\OneDrive\Desktop\ALICE\Amica\piper\node_modules\body-parser\lib\types\json.js:113:7)
    at Layer.handle [as handle_request] (C:\Users\troyk\OneDrive\Desktop\ALICE\Amica\piper\node_modules\express\lib\router\layer.js:95:5)
TypeError: req.query.text.trim is not a function
    at C:\Users\troyk\OneDrive\Desktop\ALICE\Amica\piper\server.js:170:50
    at Layer.handle [as handle_request] (C:\Users\troyk\OneDrive\Desktop\ALICE\Amica\piper\node_modules\express\lib\router\layer.js:95:5)
    at next (C:\Users\troyk\OneDrive\Desktop\ALICE\Amica\piper\node_modules\express\lib\router\route.js:149:13)
    at Route.dispatch (C:\Users\troyk\OneDrive\Desktop\ALICE\Amica\piper\node_modules\express\lib\router\route.js:119:3)
    at Layer.handle [as handle_request] (C:\Users\troyk\OneDrive\Desktop\ALICE\Amica\piper\node_modules\express\lib\router\layer.js:95:5)
    at C:\Users\troyk\OneDrive\Desktop\ALICE\Amica\piper\node_modules\express\lib\router\index.js:284:15
    at router.process_params (C:\Users\troyk\OneDrive\Desktop\ALICE\Amica\piper\node_modules\express\lib\router\index.js:346:12)
    at next (C:\Users\troyk\OneDrive\Desktop\ALICE\Amica\piper\node_modules\express\lib\router\index.js:280:10)
    at jsonParser (C:\Users\troyk\OneDrive\Desktop\ALICE\Amica\piper\node_modules\body-parser\lib\types\json.js:113:7)
    at Layer.handle [as handle_request] (C:\Users\troyk\OneDrive\Desktop\ALICE\Amica\piper\node_modules\express\lib\router\layer.js:95:5)
Server listening on http://0.0.0.0:5001
2026-01-27T22:22:07.606Z, Hello Unauthorized. How can I assist you?, en_US-hfc_female-medium.onnx

spawning piper: piper.exe --model models\en_US-hfc_female-medium.onnx --output_file 40neht3oboxmkx5vwty.wav
2026-01-27T22:22:08.755Z, Oh! And it looks like you're all caught up on tasks!, en_US-hfc_female-medium.onnx

spawning piper: piper.exe --model models\en_US-hfc_female-medium.onnx --output_file 3lg5k9nj0jbmkx5vxpv.wav
2026-01-27T22:23:17.957Z, Hi there!, en_US-hfc_female-medium.onnx

spawning piper: piper.exe --model models\en_US-hfc_female-medium.onnx --output_file 6cmyfr3hrumkx5xf45.wav
Server listening on http://0.0.0.0:5001
2026-01-27T22:31:28.594Z, Hello Unknown. How can I assist you?, en_US-hfc_female-medium.onnx

spawning piper: piper.exe --model models\en_US-hfc_female-medium.onnx --output_file 9gchfngtt9mkx67xox.wav
2026-01-27T22:31:30.033Z, Oh! And it looks like you're all caught up on tasks!, en_US-hfc_female-medium.onnx

spawning piper: piper.exe --model models\en_US-hfc_female-medium.onnx --output_file j4r9glwp4omkx67ysx.wav
Server listening on http://0.0.0.0:5001
2026-01-27T22:36:27.534Z, Hello Unknown. How can I assist you?, jarvis-high.onnx

spawning piper: piper.exe --model models\jarvis-high.onnx --output_file mnu23lor7tmkx6eccu.wav
2026-01-27T22:36:31.510Z, Oh! And it looks like you're all caught up on tasks!, jarvis-high.onnx

spawning piper: piper.exe --model models\jarvis-high.onnx --output_file jx8j7bzuzumkx6effa.wav
Server listening on http://0.0.0.0:5001
2026-01-27T22:44:08.814Z, Hello Unauthorized. How can I assist you?, en_US-danny-low.onnx

spawning piper: piper.exe --model models\en_US-danny-low.onnx --output_file mgj1kybex3mkx6o8a6.wav
2026-01-27T22:44:10.079Z, Oh! And it looks like you're all caught up on tasks!, en_US-danny-low.onnx

spawning piper: piper.exe --model models\en_US-danny-low.onnx --output_file 7lxac0278ngmkx6o99b.wav
2026-01-27T22:44:47.048Z, Hello!, en_US-danny-low.onnx

spawning piper: piper.exe --model models\en_US-danny-low.onnx --output_file h55kobesenmkx6p1s8.wav
2026-01-27T22:45:07.014Z, I'm feeling wonderful, thanks for asking!, en_US-danny-low.onnx

spawning piper: piper.exe --model models\en_US-danny-low.onnx --output_file yirmc0qnmpemkx6ph6u.wav
2026-01-27T22:45:30.095Z, I'm not sure which country's presidency you are referring to. There are several countries with a president, so I'll provide some information on a few notable ones:

1. United States: As of my knowledge cutoff in December 2023, Joe Biden is the President of the United States.
2. France: Emmanuel Macron is the current President of France.
3. China: Xi Jinping has been the General Secretary of the Communist Party of China and the President of the People's Republic of China since 2013.
4. Russia: Vladimir Putin has been the President of Russia since 2012.

Please let me know if you are referring to a specific country or region, and I'll do my best to provide more information. [via VRGL], en_US-danny-low.onnx

spawning piper: piper.exe --model models\en_US-danny-low.onnx --output_file 3vh4e5zgcp4mkx6pyzz.wav
2026-01-27T22:46:56.933Z, Kettering University is a private research university located in Flint, Michigan, United States. It was founded in 1919 as the Kettering Technical Institute and has since undergone several transformations to become the comprehensive university it is today.

Here are some key facts about Kettering University:

1. Engineering focus: Kettering University is perhaps best known for its strong engineering programs, particularly in fields such as aerospace, automotive, mechanical, electrical, computer science, and industrial engineering.
2. Research intensity: The university has a high research intensity, with over $50 million in annual research expenditures. This places it among the top research universities in the country.
3. Rankings: Kettering University is consistently ranked as one of the best universities for engineering programs by organizations such as U.S. News & World Report and Forbes.
4. Unique curriculum: The university's unique "Project-Based Learning" (PBL) approach emphasizes hands-on, project-based learning over traditional lectures and textbooks. This approach is designed to prepare students for the real-world challenges they will face in their careers.
5. Partnerships and collaborations: Kettering University has partnerships with top companies such as General Motors, Boeing, and Ford, providing students with opportunities for internships, research collaborations, and job placement.
6. Campus: The university's campus is situated on a 340-acre site in Flint, Michigan, with state-of-the-art facilities and equipment.

Some notable alumni of Kettering University include:

 Tom Carper (U.S. Senator from Delaware)
 John Dingell Jr. (former U.S. Representative from Michigan)
* Jeff Johnson (former CEO of General Motors)

Overall, Kettering University is a highly respected institution that provides students with a rigorous education and preparation for careers in engineering and other fields. [via VRGL], en_US-danny-low.onnx

spawning piper: piper.exe --model models\en_US-danny-low.onnx --output_file w6z9irjm5damkx6ru05.wav
2026-01-27T23:38:48.978Z, Hi there!, en_US-danny-low.onnx

spawning piper: piper.exe --model models\en_US-danny-low.onnx --output_file 0tfp0u56udgimkx8mj9t.wav
2026-01-27T23:39:07.025Z, Successfully opened steam., en_US-danny-low.onnx

spawning piper: piper.exe --model models\en_US-danny-low.onnx --output_file mvar3b3beimkx8mx75.wav
2026-01-27T23:47:32.057Z, speaking mode, en_US-danny-low.onnx

spawning piper: piper.exe --model models\en_US-danny-low.onnx --output_file 2ycqedxn4skmkx8xqvt.wav
2026-01-27T23:47:34.890Z, Switched to speaking mode., en_US-danny-low.onnx

spawning piper: piper.exe --model models\en_US-danny-low.onnx --output_file 7ggbphqwu35mkx8xt2h.wav
2026-01-27T23:48:47.053Z, Successfully opened helldivers via URL., en_US-danny-low.onnx

spawning piper: piper.exe --model models\en_US-danny-low.onnx --output_file kmwsh1oyy8rmkx8zcqz.wav
2026-01-27T23:49:55.827Z, It seems like you're looking to switch between different moods or emotions. I can help with that!

Here are a few options:

1. Happy: Let's start the day on a sunny note! What's something that makes you happy?
2. Calm: Sometimes, all we need is a little relaxation. Imagine yourself in a peaceful place...
3. Inspired: Are you feeling creative or curious? Let's explore some new ideas together!
4. Excited: It's time to get pumped up and energized! What's something that gets you excited?
5. Reflective: If you're feeling introspective, let's take a moment to think about what's on your mind...

Which mood would you like to toggle into? [via VRGL], en_US-danny-low.onnx

spawning piper: piper.exe --model models\en_US-danny-low.onnx --output_file g7urlpssfftmkx90tte.wav
Server listening on http://0.0.0.0:5001
2026-01-28T15:33:38.146Z, Hello Unknown. How can I assist you?, en_US-danny-low.onnx

spawning piper: piper.exe --model models\en_US-danny-low.onnx --output_file uctdjq41thmky6qfvm.wav
2026-01-28T15:33:39.477Z, Oh! And it looks like you're all caught up on tasks!, en_US-danny-low.onnx

spawning piper: piper.exe --model models\en_US-danny-low.onnx --output_file 323dz4e3p2amky6qgwl.wav
2026-01-28T15:34:00.311Z, Volume set to 50%, en_US-danny-low.onnx

spawning piper: piper.exe --model models\en_US-danny-low.onnx --output_file bvh8z4g24j6mky6qwzb.wav
2026-01-28T15:34:10.378Z, Volume set to 25%, en_US-danny-low.onnx

spawning piper: piper.exe --model models\en_US-danny-low.onnx --output_file 9470qdqxgramky6r4qy.wav
2026-01-28T16:12:37.221Z, Yes?, en_US-danny-low.onnx

spawning piper: piper.exe --model models\en_US-danny-low.onnx --output_file b9ivmbtlb0rmky84kpx.wav
2026-01-28T16:13:14.888Z, As a neutral AI, I don't have personal opinions, but I can provide an analysis of the Spider-Man franchise.

The Spider-Man franchise has been a beloved and iconic part of popular culture for over five decades. It has undergone several transformations, including reboots, revisions, and reinterpretations, which has helped to keep it fresh and relevant.

Here are some strengths and weaknesses of the franchise:

Strengths:

1. Iconic characters: Spider-Man (Peter Parker) is one of the most recognizable superheroes in the world. His relatable personality, struggles, and powers have captivated audiences.
2. Groundbreaking storytelling: The franchise has tackled mature themes, such as responsibility, grief, and personal identity, making it appealing to a wide range of audiences.
3. Iconic villains: The Spider-Man rogues gallery is filled with memorable and complex characters like the Green Goblin, Doctor Octopus, Venom, and Kraven the Hunter.
4. Comic book roots: The franchise has its origins in Marvel Comics, allowing for creative connections to other comic book characters and storylines.

Weaknesses:

1. Tonal inconsistencies: The Spider-Man films have sometimes struggled with balancing action, humor, and emotional depth, leading to inconsistent tone and pacing.
2. Overemphasis on spectacle over substance: Some critics argue that the recent films prioritize visual effects and superhero action over character development and storytelling.
3. Reboot fatigue: With multiple reboots and revisions, some fans may feel that the franchise has lost its way or is overly reliant on nostalgia.

Recent developments:

1. The Marvel Cinematic Universe (MCU) integration: The Spider-Man films have been seamlessly integrated into the larger MCU, allowing for crossovers with other popular franchises like Iron Man and Captain America.
2. Tom Holland's era: Tom Holland's portrayal of Spider-Man has brought a fresh energy to the franchise, particularly in his collaborations with Robert Downey Jr.'s Tony Stark/Iron Man.
3. The future of the web-slinger: With multiple projects and sequels in development, including a new Sam Raimi trilogy and a rumored Disney+ series, there's plenty of excitement for fans about what's to come.

In conclusion, while the Spider-Man franchise has its weaknesses, it remains an incredibly beloved and enduring part of popular culture. Its ability to evolve, adapt, and connect with audiences continues to make it relevant, and its impact on the superhero genre as a whole is undeniable. [via VRGL], en_US-danny-low.onnx

spawning piper: piper.exe --model models\en_US-danny-low.onnx --output_file 0y12ykhqt8jfmky85ds8.wav
2026-01-28T16:26:18.129Z, Farewell!, en_US-danny-low.onnx

spawning piper: piper.exe --model models\en_US-danny-low.onnx --output_file u5v5xw22s8omky8m646.wav
Server listening on http://0.0.0.0:5001
2026-01-28T22:47:26.186Z, Hello Unknown. How can I assist you?, en_US-danny-low.onnx

spawning piper: piper.exe --model models\en_US-danny-low.onnx --output_file fq8tq2b5ejmmkym8b8q.wav
2026-01-28T22:47:27.618Z, Oh! And it looks like you're all caught up on tasks!, en_US-danny-low.onnx

spawning piper: piper.exe --model models\en_US-danny-low.onnx --output_file smia9khzj8mkym8cci.wav
2026-01-28T22:47:46.008Z, speaking mode, en_US-danny-low.onnx

spawning piper: piper.exe --model models\en_US-danny-low.onnx --output_file snq6zqln2tmkym8qjc.wav
2026-01-28T22:47:46.793Z, Switched to speaking mode., en_US-danny-low.onnx

spawning piper: piper.exe --model models\en_US-danny-low.onnx --output_file 0aonf4d6p1b5mkym8r55.wav
2026-01-28T22:49:16.069Z, Closed Discord.exe using psutil., en_US-danny-low.onnx

spawning piper: piper.exe --model models\en_US-danny-low.onnx --output_file gah6eypq37hmkymao11.wav
2026-01-28T22:49:38.544Z, typing mode, en_US-danny-low.onnx

spawning piper: piper.exe --model models\en_US-danny-low.onnx --output_file p9z83cx4jmimkymb5dc.wav
2026-01-28T22:49:39.263Z, Switched to typing mode., en_US-danny-low.onnx

spawning piper: piper.exe --model models\en_US-danny-low.onnx --output_file uvud198omimkymb5xb.wav
Server listening on http://0.0.0.0:5001
2026-01-29T00:43:11.995Z, Hello Unauthorized. How can I assist you?, en_US-danny-low.onnx

spawning piper: piper.exe --model models\en_US-danny-low.onnx --output_file 9dnndbypu7mkyqd6nu.wav
2026-01-29T00:43:13.550Z, Oh! And it looks like you're all caught up on tasks!, en_US-danny-low.onnx

spawning piper: piper.exe --model models\en_US-danny-low.onnx --output_file jf8dpws5eesmkyqd7v2.wav
